[
  {
    "AlterPos": 22,
    "StatementEnd": 41,
    "IfExists": false,
    "RoleRenamePairs": [
      {
        "RoleName": {
          "Name": {
            "Name": "r1_01293",
            "QuoteType": 1,
            "NamePos": 33,
            "NameEnd": 41
          },
          "Scope": null,
          "OnCluster": null
        },
        "NewName": null,
        "StatementEnd": 41
      }
    ],
    "Settings": null
  },
  {
    "AlterPos": 43,
    "StatementEnd": 102,
    "IfExists": false,
    "RoleRenamePairs": [
      {
        "RoleName": {
          "Name": {
            "Name": "r1_01293",
            "QuoteType": 1,
            "NamePos": 54,
            "NameEnd": 62
          },
          "Scope": null,
          "OnCluster": {
            "OnPos": 63,
            "Expr": {
              "Name": "cluster_1",
              "QuoteType": 1,
              "NamePos": 74,
              "NameEnd": 83
            }
          }
        },
        "NewName": {
          "Name": "r2_01293",
          "QuoteType": 1,
          "NamePos": 94,
          "NameEnd": 102
        },
        "StatementEnd": 102
      }
    ],
    "Settings": null
  },
  {
    "AlterPos": 104,
    "StatementEnd": 171,
    "IfExists": false,
    "RoleRenamePairs": [
      {
        "RoleName": {
          "Name": {
            "Name": "r1_01293",
            "QuoteType": 1,
            "NamePos": 115,
            "NameEnd": 123
          },
          "Scope": null,
          "OnCluster": null
        },
        "NewName": {
          "Name": "r2_01293",
          "QuoteType": 1,
          "NamePos": 134,
          "NameEnd": 142
        },
        "StatementEnd": 142
      },
      {
        "RoleName": {
          "Name": {
            "Name": "r3_01293",
            "QuoteType": 1,
            "NamePos": 144,
            "NameEnd": 152
          },
          "Scope": null,
          "OnCluster": null
        },
        "NewName": {
          "Name": "r4_01293",
          "QuoteType": 1,
          "NamePos": 163,
          "NameEnd": 171
        },
        "StatementEnd": 171
      }
    ],
    "Settings": null
  },
  {
    "AlterPos": 173,
    "StatementEnd": 206,
    "IfExists": false,
    "RoleRenamePairs": [
      {
        "RoleName": {
          "Name": {
            "Name": "r1_01293",
            "QuoteType": 1,
            "NamePos": 184,
            "NameEnd": 192
          },
          "Scope": null,
          "OnCluster": null
        },
        "NewName": null,
        "StatementEnd": 192
      }
    ],
    "Settings": [
      {
        "SettingPairs": [],
        "Modifier": {
          "Name": "NONE",
          "QuoteType": 1,
          "NamePos": 202,
          "NameEnd": 206
        }
      }
    ]
  },
  {
    "AlterPos": 208,
    "StatementEnd": 253,
    "IfExists": false,
    "RoleRenamePairs": [
      {
        "RoleName": {
          "Name": {
            "Name": "r2_01293",
            "QuoteType": 1,
            "NamePos": 219,
            "NameEnd": 227
          },
          "Scope": null,
          "OnCluster": null
        },
        "NewName": null,
        "StatementEnd": 227
      }
    ],
    "Settings": [
      {
        "SettingPairs": [
          {
            "Name": {
              "Name": "PROFILE",
              "QuoteType": 1,
              "NamePos": 237,
              "NameEnd": 244
            },
            "Operation": "",
            "Value": {
              "LiteralPos": 246,
              "LiteralEnd": 253,
              "Literal": "default"
            }
          }
        ],
        "Modifier": null
      }
    ]
  },
  {
    "AlterPos": 256,
    "StatementEnd": 309,
    "IfExists": false,
    "RoleRenamePairs": [
      {
        "RoleName": {
          "Name": {
            "Name": "r3_01293",
            "QuoteType": 1,
            "NamePos": 267,
            "NameEnd": 275
          },
          "Scope": null,
          "OnCluster": null
        },
        "NewName": null,
        "StatementEnd": 275
      }
    ],
    "Settings": [
      {
        "SettingPairs": [
          {
            "Name": {
              "Name": "max_memory_usage",
              "QuoteType": 1,
              "NamePos": 285,
              "NameEnd": 301
            },
            "Operation": "=",
            "Value": {
              "NumPos": 302,
              "NumEnd": 309,
              "Literal": "5000000",
              "Base": 10
            }
          }
        ],
        "Modifier": null
      }
    ]
  },
  {
    "AlterPos": 311,
    "StatementEnd": 368,
    "IfExists": false,
    "RoleRenamePairs": [
      {
        "RoleName": {
          "Name": {
            "Name": "r4_01293",
            "QuoteType": 1,
            "NamePos": 322,
            "NameEnd": 330
          },
          "Scope": null,
          "OnCluster": null
        },
        "NewName": null,
        "StatementEnd": 330
      }
    ],
    "Settings": [
      {
        "SettingPairs": [
          {
            "Name": {
              "Name": "max_memory_usage",
              "QuoteType": 1,
              "NamePos": 340,
              "NameEnd": 356
            },
            "Operation": "",
            "Value": null
          },
          {
            "Name": {
              "Name": "MIN",
              "QuoteType": 1,
              "NamePos": 357,
              "NameEnd": 360
            },
            "Operation": "=",
            "Value": {
              "NumPos": 361,
              "NumEnd": 368,
              "Literal": "5000000",
              "Base": 10
            }
          }
        ],
        "Modifier": null
      }
    ]
  },
  {
    "AlterPos": 370,
    "StatementEnd": 427,
    "IfExists": false,
    "RoleRenamePairs": [
      {
        "RoleName": {
          "Name": {
            "Name": "r5_01293",
            "QuoteType": 1,
            "NamePos": 381,
            "NameEnd": 389
          },
          "Scope": null,
          "OnCluster": null
        },
        "NewName": null,
        "StatementEnd": 389
      }
    ],
    "Settings": [
      {
        "SettingPairs": [
          {
            "Name": {
              "Name": "max_memory_usage",
              "QuoteType": 1,
              "NamePos": 399,
              "NameEnd": 415
            },
            "Operation": "",
            "Value": null
          },
          {
            "Name": {
              "Name": "MAX",
              "QuoteType": 1,
              "NamePos": 416,
              "NameEnd": 419
            },
            "Operation": "=",
            "Value": {
              "NumPos": 420,
              "NumEnd": 427,
              "Literal": "5000000",
              "Base": 10
            }
          }
        ],
        "Modifier": null
      }
    ]
  },
  {
    "AlterPos": 429,
    "StatementEnd": 480,
    "IfExists": false,
    "RoleRenamePairs": [
      {
        "RoleName": {
          "Name": {
            "Name": "r6_01293",
            "QuoteType": 1,
            "NamePos": 440,
            "NameEnd": 448
          },
          "Scope": null,
          "OnCluster": null
        },
        "NewName": null,
        "StatementEnd": 448
      }
    ],
    "Settings": [
      {
        "SettingPairs": [
          {
            "Name": {
              "Name": "max_memory_usage",
              "QuoteType": 1,
              "NamePos": 458,
              "NameEnd": 474
            },
            "Operation": "",
            "Value": null
          }
        ],
        "Modifier": {
          "Name": "CONST",
          "QuoteType": 1,
          "NamePos": 475,
          "NameEnd": 480
        }
      }
    ]
  },
  {
    "AlterPos": 482,
    "StatementEnd": 536,
    "IfExists": false,
    "RoleRenamePairs": [
      {
        "RoleName": {
          "Name": {
            "Name": "r7_01293",
            "QuoteType": 1,
            "NamePos": 493,
            "NameEnd": 501
          },
          "Scope": null,
          "OnCluster": null
        },
        "NewName": null,
        "StatementEnd": 501
      }
    ],
    "Settings": [
      {
        "SettingPairs": [
          {
            "Name": {
              "Name": "max_memory_usage",
              "QuoteType": 1,
              "NamePos": 511,
              "NameEnd": 527
            },
            "Operation": "",
            "Value": null
          }
        ],
        "Modifier": {
          "Name": "WRITABLE",
          "QuoteType": 1,
          "NamePos": 528,
          "NameEnd": 536
        }
      }
    ]
  },
  {
    "AlterPos": 538,
    "StatementEnd": 621,
    "IfExists": false,
    "RoleRenamePairs": [
      {
        "RoleName": {
          "Name": {
            "Name": "r8_01293",
            "QuoteType": 1,
            "NamePos": 549,
            "NameEnd": 557
          },
          "Scope": null,
          "OnCluster": null
        },
        "NewName": null,
        "StatementEnd": 557
      }
    ],
    "Settings": [
      {
        "SettingPairs": [
          {
            "Name": {
              "Name": "max_memory_usage",
              "QuoteType": 1,
              "NamePos": 567,
              "NameEnd": 583
            },
            "Operation": "=",
            "Value": {
              "NumPos": 584,
              "NumEnd": 591,
              "Literal": "5000000",
              "Base": 10
            }
          },
          {
            "Name": {
              "Name": "MIN",
              "QuoteType": 1,
              "NamePos": 592,
              "NameEnd": 595
            },
            "Operation": "",
            "Value": {
              "NumPos": 596,
              "NumEnd": 603,
              "Literal": "4000000",
              "Base": 10
            }
          },
          {
            "Name": {
              "Name": "MAX",
              "QuoteType": 1,
              "NamePos": 604,
              "NameEnd": 607
            },
            "Operation": "",
            "Value": {
              "NumPos": 608,
              "NumEnd": 615,
              "Literal": "6000000",
              "Base": 10
            }
          }
        ],
        "Modifier": {
          "Name": "CONST",
          "QuoteType": 1,
          "NamePos": 616,
          "NameEnd": 621
        }
      }
    ]
  },
  {
    "AlterPos": 623,
    "StatementEnd": 704,
    "IfExists": false,
    "RoleRenamePairs": [
      {
        "RoleName": {
          "Name": {
            "Name": "r9_01293",
            "QuoteType": 1,
            "NamePos": 634,
            "NameEnd": 642
          },
          "Scope": null,
          "OnCluster": null
        },
        "NewName": null,
        "StatementEnd": 642
      }
    ],
    "Settings": [
      {
        "SettingPairs": [
          {
            "Name": {
              "Name": "PROFILE",
              "QuoteType": 1,
              "NamePos": 652,
              "NameEnd": 659
            },
            "Operation": "",
            "Value": {
              "LiteralPos": 661,
              "LiteralEnd": 668,
              "Literal": "default"
            }
          }
        ],
        "Modifier": null
      },
      {
        "SettingPairs": [
          {
            "Name": {
              "Name": "max_memory_usage",
              "QuoteType": 1,
              "NamePos": 671,
              "NameEnd": 687
            },
            "Operation": "=",
            "Value": {
              "NumPos": 688,
              "NumEnd": 695,
              "Literal": "5000000",
              "Base": 10
            }
          }
        ],
        "Modifier": {
          "Name": "WRITABLE",
          "QuoteType": 1,
          "NamePos": 696,
          "NameEnd": 704
        }
      }
    ]
  },
  {
    "AlterPos": 706,
    "StatementEnd": 735,
    "IfExists": false,
    "RoleRenamePairs": [
      {
        "RoleName": {
          "Name": {
            "Name": "r1_01293",
            "QuoteType": 1,
            "NamePos": 717,
            "NameEnd": 725
          },
          "Scope": null,
          "OnCluster": null
        },
        "NewName": null,
        "StatementEnd": 725
      },
      {
        "RoleName": {
          "Name": {
            "Name": "r2_01293",
            "QuoteType": 1,
            "NamePos": 727,
            "NameEnd": 735
          },
          "Scope": null,
          "OnCluster": null
        },
        "NewName": null,
        "StatementEnd": 735
      }
    ],
    "Settings": null
  },
  {
    "AlterPos": 737,
    "StatementEnd": 776,
    "IfExists": false,
    "RoleRenamePairs": [
      {
        "RoleName": {
          "Name": {
            "Name": "r1_01293",
            "QuoteType": 1,
            "NamePos": 748,
            "NameEnd": 756
          },
          "Scope": null,
          "OnCluster": null
        },
        "NewName": null,
        "StatementEnd": 756
      }
    ],
    "Settings": [
      {
        "SettingPairs": [
          {
            "Name": {
              "Name": "readonly",
              "QuoteType": 1,
              "NamePos": 766,
              "NameEnd": 774
            },
            "Operation": "=",
            "Value": {
              "NumPos": 775,
              "NumEnd": 776,
              "Literal": "1",
              "Base": 10
            }
          }
        ],
        "Modifier": null
      }
    ]
  },
  {
    "AlterPos": 778,
    "StatementEnd": 823,
    "IfExists": false,
    "RoleRenamePairs": [
      {
        "RoleName": {
          "Name": {
            "Name": "r2_01293",
            "QuoteType": 1,
            "NamePos": 789,
            "NameEnd": 797
          },
          "Scope": null,
          "OnCluster": null
        },
        "NewName": null,
        "StatementEnd": 797
      }
    ],
    "Settings": [
      {
        "SettingPairs": [
          {
            "Name": {
              "Name": "PROFILE",
              "QuoteType": 1,
              "NamePos": 807,
              "NameEnd": 814
            },
            "Operation": "",
            "Value": {
              "LiteralPos": 816,
              "LiteralEnd": 823,
              "Literal": "default"
            }
          }
        ],
        "Modifier": null
      }
    ]
  },
  {
    "AlterPos": 826,
    "StatementEnd": 912,
    "IfExists": false,
    "RoleRenamePairs": [
      {
        "RoleName": {
          "Name": {
            "Name": "r3_01293",
            "QuoteType": 1,
            "NamePos": 837,
            "NameEnd": 845
          },
          "Scope": null,
          "OnCluster": null
        },
        "NewName": null,
        "StatementEnd": 845
      }
    ],
    "Settings": [
      {
        "SettingPairs": [
          {
            "Name": {
              "Name": "max_memory_usage",
              "QuoteType": 1,
              "NamePos": 855,
              "NameEnd": 871
            },
            "Operation": "=",
            "Value": {
              "NumPos": 872,
              "NumEnd": 879,
              "Literal": "5000000",
              "Base": 10
            }
          },
          {
            "Name": {
              "Name": "MIN",
              "QuoteType": 1,
              "NamePos": 880,
              "NameEnd": 883
            },
            "Operation": "",
            "Value": {
              "NumPos": 884,
              "NumEnd": 891,
              "Literal": "4000000",
              "Base": 10
            }
          },
          {
            "Name": {
              "Name": "MAX",
              "QuoteType": 1,
              "NamePos": 892,
              "NameEnd": 895
            },
            "Operation": "",
            "Value": {
              "NumPos": 896,
              "NumEnd": 903,
              "Literal": "6000000",
              "Base": 10
            }
          }
        ],
        "Modifier": {
          "Name": "WRITABLE",
          "QuoteType": 1,
          "NamePos": 904,
          "NameEnd": 912
        }
      }
    ]
  },
  {
    "AlterPos": 914,
    "StatementEnd": 998,
    "IfExists": false,
    "RoleRenamePairs": [
      {
        "RoleName": {
          "Name": {
            "Name": "r4_01293",
            "QuoteType": 1,
            "NamePos": 925,
            "NameEnd": 933
          },
          "Scope": null,
          "OnCluster": null
        },
        "NewName": null,
        "StatementEnd": 933
      }
    ],
    "Settings": [
      {
        "SettingPairs": [
          {
            "Name": {
              "Name": "PROFILE",
              "QuoteType": 1,
              "NamePos": 943,
              "NameEnd": 950
            },
            "Operation": "",
            "Value": {
              "LiteralPos": 952,
              "LiteralEnd": 959,
              "Literal": "default"
            }
          }
        ],
        "Modifier": null
      },
      {
        "SettingPairs": [
          {
            "Name": {
              "Name": "max_memory_usage",
              "QuoteType": 1,
              "NamePos": 962,
              "NameEnd": 978
            },
            "Operation": "=",
            "Value": {
              "NumPos": 979,
              "NumEnd": 986,
              "Literal": "5000000",
              "Base": 10
            }
          }
        ],
        "Modifier": null
      },
      {
        "SettingPairs": [
          {
            "Name": {
              "Name": "readonly",
              "QuoteType": 1,
              "NamePos": 988,
              "NameEnd": 996
            },
            "Operation": "=",
            "Value": {
              "NumPos": 997,
              "NumEnd": 998,
              "Literal": "1",
              "Base": 10
            }
          }
        ],
        "Modifier": null
      }
    ]
  },
  {
    "AlterPos": 1000,
    "StatementEnd": 1033,
    "IfExists": false,
    "RoleRenamePairs": [
      {
        "RoleName": {
          "Name": {
            "Name": "r5_01293",
            "QuoteType": 1,
            "NamePos": 1011,
            "NameEnd": 1019
          },
          "Scope": null,
          "OnCluster": null
        },
        "NewName": null,
        "StatementEnd": 1019
      }
    ],
    "Settings": [
      {
        "SettingPairs": [],
        "Modifier": {
          "Name": "NONE",
          "QuoteType": 1,
          "NamePos": 1029,
          "NameEnd": 1033
        }
      }
    ]
  },
  {
    "AlterPos": 1035,
    "StatementEnd": 1057,
    "IfExists": false,
    "RoleRenamePairs": [
      {
        "RoleName": {
          "Name": {
            "Name": "r1_01293",
            "QuoteType": 1,
            "NamePos": 1046,
            "NameEnd": 1054
          },
          "Scope": {
            "LiteralPos": 1056,
            "LiteralEnd": 1057,
            "Literal": "%"
          },
          "OnCluster": null
        },
        "NewName": null,
        "StatementEnd": 1057
      }
    ],
    "Settings": null
  },
  {
    "AlterPos": 1060,
    "StatementEnd": 1093,
    "IfExists": false,
    "RoleRenamePairs": [
      {
        "RoleName": {
          "Name": {
            "Name": "r2_01293",
            "QuoteType": 1,
            "NamePos": 1071,
            "NameEnd": 1079
          },
          "Scope": {
            "LiteralPos": 1081,
            "LiteralEnd": 1093,
            "Literal": "%.myhost.com"
          },
          "OnCluster": null
        },
        "NewName": null,
        "StatementEnd": 1093
      }
    ],
    "Settings": null
  }
]