[
  {
    "CreatePos": 0,
    "StatementEnd": 608,
    "OrReplace": true,
    "Name": {
      "Database": {
        "Name": "test",
        "QuoteType": 1,
        "NamePos": 29,
        "NameEnd": 33
      },
      "Table": {
        "Name": "comprehensive_dict",
        "QuoteType": 1,
        "NamePos": 34,
        "NameEnd": 52
      }
    },
    "IfNotExists": false,
    "UUID": {
      "Value": {
        "LiteralPos": 61,
        "LiteralEnd": 97,
        "Literal": "12345678-1234-1234-1234-123456789012"
      }
    },
    "OnCluster": {
      "OnPos": 100,
      "Expr": {
        "Name": "production_cluster",
        "QuoteType": 1,
        "NamePos": 111,
        "NameEnd": 129
      }
    },
    "Schema": {
      "SchemaPos": 131,
      "Attributes": [
        {
          "NamePos": 138,
          "Name": {
            "Name": "id",
            "QuoteType": 1,
            "NamePos": 138,
            "NameEnd": 140
          },
          "Type": {
            "Name": {
              "Name": "UInt64",
              "QuoteType": 1,
              "NamePos": 141,
              "NameEnd": 147
            }
          },
          "Default": null,
          "Expression": null,
          "Hierarchical": false,
          "Injective": false,
          "IsObjectId": false
        },
        {
          "NamePos": 154,
          "Name": {
            "Name": "name",
            "QuoteType": 1,
            "NamePos": 154,
            "NameEnd": 158
          },
          "Type": {
            "Name": {
              "Name": "String",
              "QuoteType": 1,
              "NamePos": 159,
              "NameEnd": 165
            }
          },
          "Default": {
            "LiteralPos": 175,
            "LiteralEnd": 175,
            "Literal": ""
          },
          "Expression": null,
          "Hierarchical": false,
          "Injective": false,
          "IsObjectId": false
        },
        {
          "NamePos": 183,
          "Name": {
            "Name": "value",
            "QuoteType": 1,
            "NamePos": 183,
            "NameEnd": 188
          },
          "Type": {
            "Name": {
              "Name": "Float64",
              "QuoteType": 1,
              "NamePos": 189,
              "NameEnd": 196
            }
          },
          "Default": null,
          "Expression": {
            "Name": {
              "Name": "toFloat64OrZero",
              "QuoteType": 1,
              "NamePos": 208,
              "NameEnd": 223
            },
            "Params": {
              "LeftParenPos": 223,
              "RightParenPos": 228,
              "Items": {
                "ListPos": 224,
                "ListEnd": 228,
                "HasDistinct": false,
                "Items": [
                  {
                    "Expr": {
                      "Name": "name",
                      "QuoteType": 1,
                      "NamePos": 224,
                      "NameEnd": 228
                    },
                    "Alias": null
                  }
                ]
              },
              "ColumnArgList": null
            }
          },
          "Hierarchical": false,
          "Injective": false,
          "IsObjectId": false
        },
        {
          "NamePos": 236,
          "Name": {
            "Name": "parent_id",
            "QuoteType": 1,
            "NamePos": 236,
            "NameEnd": 245
          },
          "Type": {
            "Name": {
              "Name": "UInt64",
              "QuoteType": 1,
              "NamePos": 246,
              "NameEnd": 252
            }
          },
          "Default": null,
          "Expression": null,
          "Hierarchical": true,
          "Injective": false,
          "IsObjectId": false
        },
        {
          "NamePos": 272,
          "Name": {
            "Name": "is_active",
            "QuoteType": 1,
            "NamePos": 272,
            "NameEnd": 281
          },
          "Type": {
            "Name": {
              "Name": "UInt8",
              "QuoteType": 1,
              "NamePos": 282,
              "NameEnd": 287
            }
          },
          "Default": null,
          "Expression": null,
          "Hierarchical": false,
          "Injective": true,
          "IsObjectId": false
        },
        {
          "NamePos": 304,
          "Name": {
            "Name": "object_id",
            "QuoteType": 1,
            "NamePos": 304,
            "NameEnd": 313
          },
          "Type": {
            "Name": {
              "Name": "UInt64",
              "QuoteType": 1,
              "NamePos": 314,
              "NameEnd": 320
            }
          },
          "Default": null,
          "Expression": null,
          "Hierarchical": false,
          "Injective": false,
          "IsObjectId": true
        }
      ],
      "RParenPos": 335
    },
    "Engine": {
      "EnginePos": 338,
      "PrimaryKey": {
        "PrimaryKeyPos": 338,
        "Keys": {
          "ListPos": 350,
          "ListEnd": 352,
          "HasDistinct": false,
          "Items": [
            {
              "Expr": {
                "Name": "id",
                "QuoteType": 1,
                "NamePos": 350,
                "NameEnd": 352
              },
              "Alias": null
            }
          ]
        },
        "RParenPos": 351
      },
      "Source": {
        "SourcePos": 354,
        "Source": {
          "Name": "MYSQL",
          "QuoteType": 1,
          "NamePos": 361,
          "NameEnd": 366
        },
        "Args": [
          {
            "ArgPos": 373,
            "Name": {
              "Name": "host",
              "QuoteType": 1,
              "NamePos": 373,
              "NameEnd": 377
            },
            "Value": {
              "LiteralPos": 379,
              "LiteralEnd": 388,
              "Literal": "localhost"
            }
          },
          {
            "ArgPos": 395,
            "Name": {
              "Name": "port",
              "QuoteType": 1,
              "NamePos": 395,
              "NameEnd": 399
            },
            "Value": {
              "NumPos": 400,
              "NumEnd": 404,
              "Literal": "3306",
              "Base": 10
            }
          },
          {
            "ArgPos": 410,
            "Name": {
              "Name": "user",
              "QuoteType": 1,
              "NamePos": 410,
              "NameEnd": 414
            },
            "Value": {
              "LiteralPos": 416,
              "LiteralEnd": 420,
              "Literal": "root"
            }
          },
          {
            "ArgPos": 427,
            "Name": {
              "Name": "password",
              "QuoteType": 1,
              "NamePos": 427,
              "NameEnd": 435
            },
            "Value": {
              "LiteralPos": 437,
              "LiteralEnd": 443,
              "Literal": "secret"
            }
          },
          {
            "ArgPos": 450,
            "Name": {
              "Name": "db",
              "QuoteType": 1,
              "NamePos": 450,
              "NameEnd": 452
            },
            "Value": {
              "LiteralPos": 454,
              "LiteralEnd": 461,
              "Literal": "test_db"
            }
          },
          {
            "ArgPos": 468,
            "Name": {
              "Name": "table",
              "QuoteType": 1,
              "NamePos": 468,
              "NameEnd": 473
            },
            "Value": {
              "LiteralPos": 475,
              "LiteralEnd": 491,
              "Literal": "dictionary_table"
            }
          }
        ],
        "RParenPos": 495
      },
      "Lifetime": {
        "LifetimePos": 498,
        "Min": {
          "NumPos": 511,
          "NumEnd": 515,
          "Literal": "1000",
          "Base": 10
        },
        "Max": {
          "NumPos": 520,
          "NumEnd": 524,
          "Literal": "2000",
          "Base": 10
        },
        "Value": null,
        "RParenPos": 524
      },
      "Layout": {
        "LayoutPos": 527,
        "Layout": {
          "Name": "HASHED",
          "QuoteType": 1,
          "NamePos": 534,
          "NameEnd": 540
        },
        "Args": null,
        "RParenPos": 542
      },
      "Range": null,
      "Settings": {
        "SettingsPos": 545,
        "ListEnd": 608,
        "Items": [
          {
            "SettingsPos": 554,
            "Name": {
              "Name": "max_block_size",
              "QuoteType": 1,
              "NamePos": 554,
              "NameEnd": 568
            },
            "Expr": {
              "NumPos": 571,
              "NumEnd": 575,
              "Literal": "8192",
              "Base": 10
            }
          },
          {
            "SettingsPos": 577,
            "Name": {
              "Name": "max_insert_block_size",
              "QuoteType": 1,
              "NamePos": 577,
              "NameEnd": 598
            },
            "Expr": {
              "NumPos": 601,
              "NumEnd": 608,
              "Literal": "1048576",
              "Base": 10
            }
          }
        ]
      }
    }
  }
]