[
  {
    "CreatePos": 0,
    "StatementEnd": 692,
    "Name": {
      "Database": null,
      "Table": {
        "Name": "test_local",
        "QuoteType": 1,
        "NamePos": 27,
        "NameEnd": 37
      }
    },
    "IfNotExists": true,
    "UUID": null,
    "OnCluster": null,
    "TableSchema": {
      "SchemaPos": 38,
      "SchemaEnd": 255,
      "Columns": [
        {
          "NamePos": 42,
          "ColumnEnd": 74,
          "Name": {
            "Ident": {
              "Name": "id",
              "QuoteType": 3,
              "NamePos": 42,
              "NameEnd": 44
            },
            "DotIdent": null
          },
          "Type": {
            "Name": {
              "Name": "UInt64",
              "QuoteType": 1,
              "NamePos": 46,
              "NameEnd": 52
            }
          },
          "NotNull": null,
          "Nullable": null,
          "Property": null,
          "Codec": {
            "CodecPos": 53,
            "RightParenPos": 74,
            "Type": {
              "Name": "Delta",
              "QuoteType": 1,
              "NamePos": 59,
              "NameEnd": 64
            },
            "TypeLevel": null,
            "Name": {
              "Name": "ZSTD",
              "QuoteType": 1,
              "NamePos": 66,
              "NameEnd": 70
            },
            "Level": {
              "NumPos": 70,
              "NumEnd": 72,
              "Literal": "1",
              "Base": 10
            }
          },
          "TTL": null,
          "Comment": null,
          "CompressionCodec": null
        },
        {
          "NamePos": 78,
          "ColumnEnd": 107,
          "Name": {
            "Ident": {
              "Name": "api_id",
              "QuoteType": 3,
              "NamePos": 78,
              "NameEnd": 84
            },
            "DotIdent": null
          },
          "Type": {
            "Name": {
              "Name": "UInt64",
              "QuoteType": 1,
              "NamePos": 86,
              "NameEnd": 92
            }
          },
          "NotNull": null,
          "Nullable": null,
          "Property": null,
          "Codec": {
            "CodecPos": 93,
            "RightParenPos": 107,
            "Type": null,
            "TypeLevel": null,
            "Name": {
              "Name": "ZSTD",
              "QuoteType": 1,
              "NamePos": 99,
              "NameEnd": 103
            },
            "Level": {
              "NumPos": 103,
              "NumEnd": 105,
              "Literal": "1",
              "Base": 10
            }
          },
          "TTL": null,
          "Comment": null,
          "CompressionCodec": null
        },
        {
          "NamePos": 111,
          "ColumnEnd": 150,
          "Name": {
            "Ident": {
              "Name": "app_id",
              "QuoteType": 3,
              "NamePos": 111,
              "NameEnd": 117
            },
            "DotIdent": null
          },
          "Type": {
            "Name": {
              "Name": "UInt64",
              "QuoteType": 1,
              "NamePos": 119,
              "NameEnd": 125
            }
          },
          "NotNull": null,
          "Nullable": null,
          "Property": null,
          "Codec": {
            "CodecPos": 126,
            "RightParenPos": 150,
            "Type": {
              "Name": "Delta",
              "QuoteType": 1,
              "NamePos": 132,
              "NameEnd": 137
            },
            "TypeLevel": {
              "NumPos": 137,
              "NumEnd": 139,
              "Literal": "9",
              "Base": 10
            },
            "Name": {
              "Name": "ZSTD",
              "QuoteType": 1,
              "NamePos": 142,
              "NameEnd": 146
            },
            "Level": {
              "NumPos": 146,
              "NumEnd": 148,
              "Literal": "1",
              "Base": 10
            }
          },
          "TTL": null,
          "Comment": null,
          "CompressionCodec": null
        },
        {
          "NamePos": 154,
          "ColumnEnd": 193,
          "Name": {
            "Ident": {
              "Name": "timestamp",
              "QuoteType": 3,
              "NamePos": 154,
              "NameEnd": 163
            },
            "DotIdent": null
          },
          "Type": {
            "LeftParenPos": 176,
            "RightParenPos": 177,
            "Name": {
              "Name": "DateTime64",
              "QuoteType": 1,
              "NamePos": 165,
              "NameEnd": 175
            },
            "Params": [
              {
                "NumPos": 176,
                "NumEnd": 177,
                "Literal": "9",
                "Base": 10
              }
            ]
          },
          "NotNull": null,
          "Nullable": null,
          "Property": null,
          "Codec": {
            "CodecPos": 179,
            "RightParenPos": 193,
            "Type": null,
            "TypeLevel": null,
            "Name": {
              "Name": "ZSTD",
              "QuoteType": 1,
              "NamePos": 185,
              "NameEnd": 189
            },
            "Level": {
              "NumPos": 189,
              "NumEnd": 191,
              "Literal": "1",
              "Base": 10
            }
          },
          "TTL": null,
          "Comment": null,
          "CompressionCodec": null
        },
        {
          "IndexPos": 196,
          "Name": {
            "Ident": {
              "Name": "timestamp_index",
              "QuoteType": 1,
              "NamePos": 202,
              "NameEnd": 217
            },
            "DotIdent": null
          },
          "ColumnExpr": {
            "LeftParenPos": 217,
            "RightParenPos": 227,
            "Items": {
              "ListPos": 218,
              "ListEnd": 227,
              "HasDistinct": false,
              "Items": [
                {
                  "Name": "timestamp",
                  "QuoteType": 1,
                  "NamePos": 218,
                  "NameEnd": 227
                }
              ]
            },
            "ColumnArgList": null
          },
          "ColumnType": {
            "Name": {
              "Name": "minmax",
              "QuoteType": 1,
              "NamePos": 234,
              "NameEnd": 240
            }
          },
          "Granularity": {
            "NumPos": 253,
            "NumEnd": 254,
            "Literal": "4",
            "Base": 10
          }
        }
      ],
      "AliasTable": null,
      "TableFunction": null
    },
    "Engine": {
      "EnginePos": 257,
      "EngineEnd": 692,
      "Name": "ReplicatedMergeTree",
      "Params": {
        "LeftParenPos": 285,
        "RightParenPos": 317,
        "Items": {
          "ListPos": 287,
          "ListEnd": 316,
          "HasDistinct": false,
          "Items": [
            {
              "LiteralPos": 287,
              "LiteralEnd": 303,
              "Literal": "/root/test_local"
            },
            {
              "LiteralPos": 307,
              "LiteralEnd": 316,
              "Literal": "{replica}"
            }
          ]
        },
        "ColumnArgList": null
      },
      "PrimaryKey": null,
      "PartitionBy": {
        "PartitionPos": 319,
        "Expr": {
          "ListPos": 332,
          "ListEnd": 357,
          "HasDistinct": false,
          "Items": [
            {
              "Name": {
                "Name": "toStartOfHour",
                "QuoteType": 1,
                "NamePos": 332,
                "NameEnd": 345
              },
              "Params": {
                "LeftParenPos": 345,
                "RightParenPos": 357,
                "Items": {
                  "ListPos": 347,
                  "ListEnd": 356,
                  "HasDistinct": false,
                  "Items": [
                    {
                      "Name": "timestamp",
                      "QuoteType": 3,
                      "NamePos": 347,
                      "NameEnd": 356
                    }
                  ]
                },
                "ColumnArgList": null
              }
            }
          ]
        }
      },
      "SampleBy": null,
      "TTL": {
        "TTLPos": 415,
        "ListEnd": 506,
        "Items": [
          {
            "TTLPos": 415,
            "Expr": {
              "LeftExpr": {
                "Name": {
                  "Name": "toStartOfHour",
                  "QuoteType": 1,
                  "NamePos": 419,
                  "NameEnd": 432
                },
                "Params": {
                  "LeftParenPos": 432,
                  "RightParenPos": 444,
                  "Items": {
                    "ListPos": 434,
                    "ListEnd": 443,
                    "HasDistinct": false,
                    "Items": [
                      {
                        "Name": "timestamp",
                        "QuoteType": 3,
                        "NamePos": 434,
                        "NameEnd": 443
                      }
                    ]
                  },
                  "ColumnArgList": null
                }
              },
              "Operation": "+",
              "RightExpr": {
                "IntervalPos": 448,
                "Expr": {
                  "NumPos": 457,
                  "NumEnd": 458,
                  "Literal": "7",
                  "Base": 10
                },
                "Unit": {
                  "Name": "DAY",
                  "QuoteType": 1,
                  "NamePos": 459,
                  "NameEnd": 462
                }
              },
              "HasGlobal": false,
              "HasNot": false
            }
          },
          {
            "TTLPos": 415,
            "Expr": {
              "LeftExpr": {
                "Name": {
                  "Name": "toStartOfHour",
                  "QuoteType": 1,
                  "NamePos": 463,
                  "NameEnd": 476
                },
                "Params": {
                  "LeftParenPos": 476,
                  "RightParenPos": 488,
                  "Items": {
                    "ListPos": 478,
                    "ListEnd": 487,
                    "HasDistinct": false,
                    "Items": [
                      {
                        "Name": "timestamp",
                        "QuoteType": 3,
                        "NamePos": 478,
                        "NameEnd": 487
                      }
                    ]
                  },
                  "ColumnArgList": null
                }
              },
              "Operation": "+",
              "RightExpr": {
                "IntervalPos": 492,
                "Expr": {
                  "NumPos": 501,
                  "NumEnd": 502,
                  "Literal": "2",
                  "Base": 10
                },
                "Unit": {
                  "Name": "DAY",
                  "QuoteType": 1,
                  "NamePos": 503,
                  "NameEnd": 506
                }
              },
              "HasGlobal": false,
              "HasNot": false
            }
          }
        ]
      },
      "Settings": {
        "SettingsPos": 507,
        "ListEnd": 692,
        "Items": [
          {
            "SettingsPos": 516,
            "Name": {
              "Name": "execute_merges_on_single_replica_time_threshold",
              "QuoteType": 1,
              "NamePos": 516,
              "NameEnd": 563
            },
            "Expr": {
              "NumPos": 564,
              "NumEnd": 568,
              "Literal": "1200",
              "Base": 10
            }
          },
          {
            "SettingsPos": 570,
            "Name": {
              "Name": "index_granularity",
              "QuoteType": 1,
              "NamePos": 570,
              "NameEnd": 587
            },
            "Expr": {
              "NumPos": 588,
              "NumEnd": 593,
              "Literal": "16384",
              "Base": 10
            }
          },
          {
            "SettingsPos": 595,
            "Name": {
              "Name": "max_bytes_to_merge_at_max_space_in_pool",
              "QuoteType": 1,
              "NamePos": 595,
              "NameEnd": 634
            },
            "Expr": {
              "NumPos": 635,
              "NumEnd": 646,
              "Literal": "64424509440",
              "Base": 10
            }
          },
          {
            "SettingsPos": 648,
            "Name": {
              "Name": "storage_policy",
              "QuoteType": 1,
              "NamePos": 648,
              "NameEnd": 662
            },
            "Expr": {
              "LiteralPos": 664,
              "LiteralEnd": 668,
              "Literal": "main"
            }
          },
          {
            "SettingsPos": 671,
            "Name": {
              "Name": "ttl_only_drop_parts",
              "QuoteType": 1,
              "NamePos": 671,
              "NameEnd": 690
            },
            "Expr": {
              "NumPos": 691,
              "NumEnd": 692,
              "Literal": "1",
              "Base": 10
            }
          }
        ]
      },
      "OrderBy": {
        "OrderPos": 359,
        "ListEnd": 413,
        "Items": [
          {
            "OrderPos": 359,
            "Expr": {
              "LeftParenPos": 368,
              "RightParenPos": 413,
              "Items": {
                "ListPos": 369,
                "ListEnd": 412,
                "HasDistinct": false,
                "Items": [
                  {
                    "Name": {
                      "Name": "toUnixTimestamp64Nano",
                      "QuoteType": 1,
                      "NamePos": 369,
                      "NameEnd": 390
                    },
                    "Params": {
                      "LeftParenPos": 390,
                      "RightParenPos": 402,
                      "Items": {
                        "ListPos": 392,
                        "ListEnd": 401,
                        "HasDistinct": false,
                        "Items": [
                          {
                            "Name": "timestamp",
                            "QuoteType": 3,
                            "NamePos": 392,
                            "NameEnd": 401
                          }
                        ]
                      },
                      "ColumnArgList": null
                    }
                  },
                  {
                    "Name": "api_id",
                    "QuoteType": 3,
                    "NamePos": 406,
                    "NameEnd": 412
                  }
                ]
              },
              "ColumnArgList": null
            },
            "Direction": "None"
          }
        ]
      }
    },
    "SubQuery": null,
    "HasTemporary": false
  }
]