[
  {
    "DropPos": 0,
    "StatementEnd": 36,
    "Name": {
      "Name": "datbase_name",
      "QuoteType": 1,
      "NamePos": 24,
      "NameEnd": 36
    },
    "IfExists": true,
    "OnCluster": null
  }
]