[
  {
    "ShowPos": 0,
    "StatementEnd": 32,
    "ShowType": "DATABASES",
    "Target": null,
    "NotLike": true,
    "LikeType": "LIKE",
    "LikePattern": {
      "LiteralPos": 25,
      "LiteralEnd": 30,
      "Literal": "temp%"
    },
    "Limit": null,
    "OutFile": null,
    "Format": null
  }
]