[
  {
    "SelectPos": 0,
    "StatementEnd": 38,
    "With": null,
    "Top": {
      "TopPos": 7,
      "TopEnd": 13,
      "Number": {
        "NumPos": 11,
        "NumEnd": 13,
        "Literal": "10",
        "Base": 10
      },
      "WithTies": false
    },
    "HasDistinct": false,
    "SelectItems": [
      {
        "Expr": {
          "Name": "my_column",
          "QuoteType": 1,
          "NamePos": 14,
          "NameEnd": 23
        },
        "Modifiers": [],
        "Alias": null
      }
    ],
    "From": {
      "FromPos": 24,
      "Expr": {
        "Table": {
          "TablePos": 29,
          "TableEnd": 38,
          "Alias": null,
          "Expr": {
            "Database": null,
            "Table": {
              "Name": "tableName",
              "QuoteType": 1,
              "NamePos": 29,
              "NameEnd": 38
            }
          },
          "HasFinal": false
        },
        "StatementEnd": 38,
        "SampleRatio": null,
        "HasFinal": false
      }
    },
    "ArrayJoin": null,
    "Window": null,
    "Prewhere": null,
    "Where": null,
    "GroupBy": null,
    "WithTotal": false,
    "Having": null,
    "OrderBy": null,
    "LimitBy": null,
    "Limit": null,
    "Settings": null,
    "Format": null,
    "UnionAll": null,
    "UnionDistinct": null,
    "Except": null
  }
]