[
  {
    "SelectPos": 0,
    "StatementEnd": 38,
    "With": null,
    "Top": null,
    "HasDistinct": true,
    "SelectItems": [
      {
        "Expr": {
          "Name": "record_id",
          "QuoteType": 1,
          "NamePos": 16,
          "NameEnd": 25
        },
        "Modifiers": [],
        "Alias": null
      }
    ],
    "From": {
      "FromPos": 26,
      "Expr": {
        "Table": {
          "TablePos": 31,
          "TableEnd": 38,
          "Alias": null,
          "Expr": {
            "Database": null,
            "Table": {
              "Name": "records",
              "QuoteType": 1,
              "NamePos": 31,
              "NameEnd": 38
            }
          },
          "HasFinal": false
        },
        "StatementEnd": 38,
        "SampleRatio": null,
        "HasFinal": false
      }
    },
    "ArrayJoin": null,
    "Window": null,
    "Prewhere": null,
    "Where": null,
    "GroupBy": null,
    "WithTotal": false,
    "Having": null,
    "OrderBy": null,
    "LimitBy": null,
    "Limit": null,
    "Settings": null,
    "Format": null,
    "UnionAll": null,
    "UnionDistinct": null,
    "Except": null
  }
]