[
  {
    "SelectPos": 0,
    "StatementEnd": 348,
    "With": null,
    "Top": null,
    "SelectItems": [
      {
        "Expr": {
          "Name": "aggregation_target",
          "QuoteType": 1,
          "NamePos": 7,
          "NameEnd": 25
        },
        "Modifiers": [],
        "Alias": {
          "Name": "aggregation_target",
          "QuoteType": 1,
          "NamePos": 29,
          "NameEnd": 47
        }
      },
      {
        "Expr": {
          "Name": "timestamp",
          "QuoteType": 1,
          "NamePos": 53,
          "NameEnd": 62
        },
        "Modifiers": [],
        "Alias": {
          "Name": "timestamp",
          "QuoteType": 1,
          "NamePos": 66,
          "NameEnd": 75
        }
      },
      {
        "Expr": {
          "Name": "step_0",
          "QuoteType": 1,
          "NamePos": 81,
          "NameEnd": 87
        },
        "Modifiers": [],
        "Alias": {
          "Name": "step_0",
          "QuoteType": 1,
          "NamePos": 91,
          "NameEnd": 97
        }
      },
      {
        "Expr": {
          "Name": "latest_0",
          "QuoteType": 1,
          "NamePos": 103,
          "NameEnd": 111
        },
        "Modifiers": [],
        "Alias": {
          "Name": "latest_0",
          "QuoteType": 1,
          "NamePos": 115,
          "NameEnd": 123
        }
      },
      {
        "Expr": {
          "Name": "step_1",
          "QuoteType": 1,
          "NamePos": 129,
          "NameEnd": 135
        },
        "Modifiers": [],
        "Alias": {
          "Name": "step_1",
          "QuoteType": 1,
          "NamePos": 139,
          "NameEnd": 145
        }
      },
      {
        "Expr": {
          "Name": "latest_1",
          "QuoteType": 1,
          "NamePos": 151,
          "NameEnd": 159
        },
        "Modifiers": [],
        "Alias": {
          "Name": "latest_1",
          "QuoteType": 1,
          "NamePos": 163,
          "NameEnd": 171
        }
      },
      {
        "Expr": {
          "Name": "step_2",
          "QuoteType": 1,
          "NamePos": 177,
          "NameEnd": 183
        },
        "Modifiers": [],
        "Alias": {
          "Name": "step_2",
          "QuoteType": 1,
          "NamePos": 187,
          "NameEnd": 193
        }
      },
      {
        "Expr": {
          "Function": {
            "Name": {
              "Name": "min",
              "QuoteType": 1,
              "NamePos": 199,
              "NameEnd": 202
            },
            "Params": {
              "LeftParenPos": 202,
              "RightParenPos": 211,
              "Items": {
                "ListPos": 203,
                "ListEnd": 211,
                "HasDistinct": false,
                "Items": [
                  {
                    "Expr": {
                      "Name": "latest_2",
                      "QuoteType": 1,
                      "NamePos": 203,
                      "NameEnd": 211
                    },
                    "Alias": null
                  }
                ]
              },
              "ColumnArgList": null
            }
          },
          "OverPos": 213,
          "OverExpr": {
            "LeftParenPos": 218,
            "RightParenPos": 327,
            "PartitionBy": {
              "PartitionPos": 218,
              "Expr": {
                "ListPos": 232,
                "ListEnd": 250,
                "HasDistinct": false,
                "Items": [
                  {
                    "Expr": {
                      "Name": "aggregation_target",
                      "QuoteType": 1,
                      "NamePos": 232,
                      "NameEnd": 250
                    },
                    "Alias": null
                  }
                ]
              }
            },
            "OrderBy": {
              "OrderPos": 255,
              "ListEnd": 273,
              "Items": [
                {
                  "OrderPos": 255,
                  "Expr": {
                    "Name": "timestamp",
                    "QuoteType": 1,
                    "NamePos": 264,
                    "NameEnd": 273
                  },
                  "Alias": null,
                  "Direction": "DESC"
                }
              ]
            },
            "Frame": {
              "FramePos": 279,
              "Type": "ROWS",
              "Extend": {
                "Expr": null,
                "Between": {
                  "FramePos": 292,
                  "Type": "",
                  "Extend": {
                    "UnboundedPos": 292,
                    "UnboundedEnd": 0,
                    "Direction": "PRECEDING"
                  }
                },
                "AndPos": 312,
                "And": {
                  "FramePos": 316,
                  "Type": "",
                  "Extend": {
                    "Number": {
                      "NumPos": 316,
                      "NumEnd": 317,
                      "Literal": "0",
                      "Base": 10
                    },
                    "UnboundedEnd": 327,
                    "Direction": "PRECEDING"
                  }
                }
              }
            }
          }
        },
        "Modifiers": [],
        "Alias": {
          "Name": "latest_2",
          "QuoteType": 1,
          "NamePos": 332,
          "NameEnd": 340
        }
      }
    ],
    "From": {
      "FromPos": 341,
      "Expr": {
        "Table": {
          "TablePos": 346,
          "TableEnd": 348,
          "Alias": null,
          "Expr": {
            "Database": null,
            "Table": {
              "Name": "t0",
              "QuoteType": 1,
              "NamePos": 346,
              "NameEnd": 348
            }
          },
          "HasFinal": false
        },
        "StatementEnd": 348,
        "SampleRatio": null,
        "HasFinal": false
      }
    },
    "ArrayJoin": null,
    "Window": null,
    "Prewhere": null,
    "Where": null,
    "GroupBy": null,
    "WithTotal": false,
    "Having": null,
    "OrderBy": null,
    "LimitBy": null,
    "Limit": null,
    "Settings": null,
    "Format": null,
    "UnionAll": null,
    "UnionDistinct": null,
    "Except": null
  }
]